[www.performanse.com/es/index.html]
[www.performanse.com/dist/assets/main.c3dfb829.js]
[backblue.gif]
[fade.gif]
[index.html]
[www.performanse.com/dist/assets/main.ea4bcd9e.css]
[www.performanse.com/es/evento/games-of-hr-madrid-4-edicion-especial-engagement/index.html]
[www.performanse.com/es/evento/games-of-hr-barcelona-edicion-especial-management/index.html]
[www.performanse.com/es/blog/e-book/el-poder-predictivo-de-los-metodos-de-evaluacion/index.html]
[www.performanse.com/es/nuestros-productos/index.html]
[www.performanse.com/es/index.html]
[www.performanse.com/es/tus-necesidades/gestion-de-equipos/index.html]
[www.performanse.com/es/tus-necesidades/desarrollo-del-talento/index.html]
[www.googletagmanager.com/gtm5445.html]
[www.performanse.com/es/nuestros-productos/idoneo/index.html]
[www.performanse.com/dist/assets/main.ea4bcd9e.css]
[www.performanse.com/es/tus-necesidades/seleccion/index.html]
[www.performanse.com/es/nuestros-productos/echo/index.html]
[www.performanse.com/es/nuestros-servicios/assessment-center/index.html]
[www.performanse.com/es/evento/games-of-hr-barcelona-edicion-especial-management/index.html]
[www.performanse.com/es/nuestros-servicios/evaluacion-de-las-soft-skills/index.html]
[www.performanse.com/es/nuestros-productos/twob-r/index.html]
[www.performanse.com/es/nuestros-productos/manage-r/index.html]
[www.performanse.com/es/nuestros-servicios/revision-de-la-carrera/index.html]
[www.performanse.com/es/evento/games-of-hr-madrid-4-edicion-especial-engagement/index.html]
[www.performanse.com/es/nuestros-productos/evolution/index.html]
[www.performanse.com/es/nuestros-exitos/como-ataraxis-transformo-su-seleccion-de-personal/index.html]
[www.performanse.com/es/business-cases/como-profesionalizar-y-evitar-los-sesgos-en-un-proceso-de-seleccion/index.html]
[www.performanse.com/es/nuestros-servicios/perfiles-competenciales/index.html]
[www.performanse.com/es/blog/e-book/el-poder-predictivo-de-los-metodos-de-evaluacion/index.html]
[www.performanse.com/es/nuestros-exitos/como-detectar-a-los-mejores-talentos-entre-sus-empleados/index.html]
[www.performanse.com/es/nuestros-productos/index.html]
[www.performanse.com/es/nuestros-exitos/como-identificar-a-los-mejores-talentos/index.html]
[www.performanse.com/es/nuestros-exitos/como-asesorar-a-los-empleados-en-un-contexto-de-reorganizacion/index.html]
[www.performanse.com/es/ciencia-e-innovacion/index.html]
[www.performanse.com/es/tus-necesidades/seleccion/index.html]
[www.performanse.com/es/blog/evento/management-estan-preparados-los-menores-de-30-anos/index.html]
[www.performanse.com/es/blog/artículo/como-detectar-un-potencial-alto/index.html]
[www.performanse.com/es/blog/e-book/management-los-jovenes-ya-estan-aqui/index.html]
[www.performanse.com/es/nuestros-exitos/index.html]
[www.performanse.com/es/tus-necesidades/desarrollo-del-talento/index.html]
[www.performanse.com/es/aviso-legal/index.html]
[www.performanse.com/es/politica-de-privacidad/index.html]
[www.performanse.com/es/nuestros-servicios/index.html]
[www.performanse.com/es/tus-necesidades/index.html]
[www.performanse.com/es/tus-necesidades/gestion-de-equipos/index.html]
[www.performanse.com/es/blog/articulos/index.html]
[www.performanse.com/es/acerca-de/index.html]
[www.performanse.com/es/blog/e-books/index.html]
[www.performanse.com/es/blog/artículo/12-acciones-eficaces-para-generar-compromiso/index.html]
[www.performanse.com/es/nuestros-productos/idoneo/index.html]
[www.performanse.com/es/blog/e-book/compromiso-un-concepto-anticuado/index.html]
[www.performanse.com/es/blog/artículo/agbar-como-evitar-los-sesgos-en-un-proceso-de-selección/index.html]
[www.performanse.com/es/nuestros-productos/perfco/index.html]
[www.performanse.com/es/nuestros-productos/360-feedback/index.html]
[www.performanse.com/es/nuestros-servicios/assessment-center/index.html]
[www.performanse.com/es/nuestros-productos/mindkeys/index.html]
[www.performanse.com/es/nuestros-productos/team-booster/index.html]
[www.performanse.com/es/nuestros-servicios/feedback-360-by-performanse/index.html]
[www.performanse.com/es/nuestros-servicios/coaching-de-soft-skills/index.html]
[www.performanse.com/es/nuestros-productos/echo/index.html]
[www.performanse.com/es/nuestros-servicios/evaluacion-de-las-soft-skills/index.html]
[www.performanse.com/es/nuestros-productos/twob-r/index.html]
[www.performanse.com/es/nuestros-productos/manage-r/index.html]
[www.performanse.com/es/nuestros-servicios/revision-de-la-carrera/index.html]
[www.performanse.com/es/nuestros-productos/evolution/index.html]
[www.performanse.com/es/nuestros-servicios/perfiles-competenciales/index.html]
[www.performanse.com/es/nuestros-exitos/como-ataraxis-transformo-su-seleccion-de-personal/index.html]
[www.performanse.com/es/business-cases/como-profesionalizar-y-evitar-los-sesgos-en-un-proceso-de-seleccion/index.html]
[www.performanse.com/es/nuestros-exitos/como-detectar-a-los-mejores-talentos-entre-sus-empleados/index.html]
[www.performanse.com/es/nuestros-servicios/team-building/index.html]
[www.performanse.com/es/nuestros-exitos/como-identificar-a-los-mejores-talentos/index.html]
[www.performanse.com/es/nuestros-exitos/como-asesorar-a-los-empleados-en-un-contexto-de-reorganizacion/index.html]
[www.performanse.com/es/ciencia-e-innovacion/index.html]
[www.performanse.com/es/blog/index.html]
[www.performanse.com/es/blog/artículo/como-detectar-un-potencial-alto/index.html]
[www.performanse.com/es/blog/artículo/ataraxis-optimizacion-de-la-seleccion-de-personal/index.html]
[www.performanse.com/es/blog/e-book/management-los-jovenes-ya-estan-aqui/index.html]
[www.performanse.com/es/blog/evento/management-estan-preparados-los-menores-de-30-anos/index.html]
[www.performanse.com/es/nuestros-exitos/index.html]
[www.performanse.com/es/aviso-legal/index.html]
[www.performanse.com/es/politica-de-privacidad/index.html]
[www.performanse.com/es/tus-necesidades/index.html]
[www.performanse.com/es/nuestros-servicios/index.html]
[www.performanse.com/es/acerca-de/index.html]
[www.performanse.com/es/blog/articulos/index.html]
[www.performanse.com/es/blog/e-book/checklist-los-10-puntos-clave-a-validar-antes-de-contratar/index.html]
[www.performanse.com/es/blog/eventos/index.html]
[www.performanse.com/es/blog/e-books/index.html]
[www.performanse.com/es/blog/artículo/12-acciones-eficaces-para-generar-compromiso/index.html]
[www.performanse.com/es/blog/e-book/compromiso-un-concepto-anticuado/index.html]
[www.performanse.com/es/blog/artículo/agbar-como-evitar-los-sesgos-en-un-proceso-de-selección/index.html]
[www.performanse.com/es/nuestros-productos/perfco/index.html]
[www.performanse.com/es/nuestros-productos/360-feedback/index.html]
[www.performanse.com/es/nuestros-productos/team-booster/index.html]
[www.performanse.com/es/blog/artículo/management-los-jovenes-no-son-como-creeis/index.html]
[www.performanse.com/es/blog/artículo/guia-para-saber-todo-sobre-las-pruebas-psicometricas/index.html]
[www.performanse.com/es/nuestros-productos/mindkeys/index.html]
[www.performanse.com/es/blog/e-book/cuaderno-de-vacaciones-potencia-tus-soft-skills/index.html]
[www.performanse.com/es/nuestros-servicios/feedback-360-by-performanse/index.html]
[www.performanse.com/es/nuestros-servicios/coaching-de-soft-skills/index.html]
[www.performanse.com/es/nuestros-servicios/team-building/index.html]
[www.performanse.com/es/blog/artículo/ataraxis-optimizacion-de-la-seleccion-de-personal/index.html]
[www.performanse.com/es/blog/e-book/checklist-los-10-puntos-clave-a-validar-antes-de-contratar/index.html]
[www.performanse.com/es/blog/eventos/index.html]
[www.performanse.com/es/blog/artículo/management-los-jovenes-no-son-como-creeis/index.html]
[www.performanse.com/es/blog/artículo/guia-para-saber-todo-sobre-las-pruebas-psicometricas/index.html]
[www.performanse.com/es/blog/e-book/cuaderno-de-vacaciones-potencia-tus-soft-skills/index.html]
